(node:53728) [DEP0060] DeprecationWarning: The `util._extend` API is deprecated. Please use Object.assign() instead.
(Use `node --trace-deprecation ...` to show where the warning was created)
⨯ The requested resource isn't a valid image for /images/tandoori-starters.jpg received null
⨯ The requested resource isn't a valid image for /images/tandoori-starters.jpg received null
⨯ The requested resource isn't a valid image for /images/tandoori-starters.jpg received null
⨯ The requested resource isn't a valid image for /images/tandoori-starters.jpg received null
⨯ The requested resource isn't a valid image for /images/chinese-starters.jpg received null
⨯ The requested resource isn't a valid image for /images/chinese-starters.jpg received null
⨯ The requested resource isn't a valid image for /images/chinese-starters.jpg received null
⨯ The requested resource isn't a valid image for /images/chinese-starters.jpg received null
⨯ The requested resource isn't a valid image for /images/chinese-starters.jpg received null
⨯ The requested resource isn't a valid image for /images/chinese-starters.jpg received null
⨯ The requested resource isn't a valid image for /images/chinese-starters.jpg received null
⨯ The requested resource isn't a valid image for /images/chinese-starters.jpg received null
⨯ The requested resource isn't a valid image for /images/chinese-starters.jpg received null
⨯ The requested resource isn't a valid image for /images/chinese-starters.jpg received null
⨯ The requested resource isn't a valid image for /images/chinese-starters.jpg received null
⨯ The requested resource isn't a valid image for /images/chinese-starters.jpg received null
⨯ The requested resource isn't a valid image for /images/chinese-starters.jpg received null
⨯ The requested resource isn't a valid image for /images/chinese-starters.jpg received null
⨯ The requested resource isn't a valid image for /images/chinese-starters.jpg received null
⨯ The requested resource isn't a valid image for /images/chinese-starters.jpg received null
⨯ The requested resource isn't a valid image for /images/chinese-starters.jpg received null
⨯ The requested resource isn't a valid image for /images/chinese-starters.jpg received null
⨯ The requested resource isn't a valid image for /images/chinese-starters.jpg received null
⨯ The requested resource isn't a valid image for /images/chinese-starters.jpg received null
⨯ The requested resource isn't a valid image for /images/chinese-starters.jpg received null
⨯ The requested resource isn't a valid image for /images/chinese-starters.jpg received null
Failed to proxy http://127.0.0.1:5000/api/auth/login Error: socket hang up
    at ignore-listed frames {
  code: 'ECONNRESET'
}
Error: socket hang up
    at ignore-listed frames {
  code: 'ECONNRESET'
}
Failed to proxy http://127.0.0.1:5000/api/auth/login Error: socket hang up
    at ignore-listed frames {
  code: 'ECONNRESET'
}
Error: socket hang up
    at ignore-listed frames {
  code: 'ECONNRESET'
}
Failed to proxy http://127.0.0.1:5000/api/auth/login Error: socket hang up
    at ignore-listed frames {
  code: 'ECONNRESET'
}
Error: socket hang up
    at ignore-listed frames {
  code: 'ECONNRESET'
}
Failed to proxy http://127.0.0.1:5000/api/promo-banners/public?t=1778156647641 Error: socket hang up
    at ignore-listed frames {
  code: 'ECONNRESET'
}
Error: socket hang up
    at ignore-listed frames {
  code: 'ECONNRESET'
}
Failed to proxy http://127.0.0.1:5000/api/promo-banners/public?t=1778156647651 Error: socket hang up
    at ignore-listed frames {
  code: 'ECONNRESET'
}
Error: socket hang up
    at ignore-listed frames {
  code: 'ECONNRESET'
}
Failed to proxy http://127.0.0.1:5000/api/auth/login Error: socket hang up
    at ignore-listed frames {
  code: 'ECONNRESET'
}
Error: socket hang up
    at ignore-listed frames {
  code: 'ECONNRESET'
}
Failed to proxy http://127.0.0.1:5000/api/auth/login Error: socket hang up
    at ignore-listed frames {
  code: 'ECONNRESET'
}
Error: socket hang up
    at ignore-listed frames {
  code: 'ECONNRESET'
}
Failed to proxy http://127.0.0.1:5000/api/auth/login Error: socket hang up
    at ignore-listed frames {
  code: 'ECONNRESET'
}
Error: socket hang up
    at ignore-listed frames {
  code: 'ECONNRESET'
}
Failed to proxy http://127.0.0.1:5000/api/auth/login Error: socket hang up
    at ignore-listed frames {
  code: 'ECONNRESET'
}
Error: socket hang up
    at ignore-listed frames {
  code: 'ECONNRESET'
}
Failed to proxy http://127.0.0.1:5000/api/auth/login Error: socket hang up
    at ignore-listed frames {
  code: 'ECONNRESET'
}
Error: socket hang up
    at ignore-listed frames {
  code: 'ECONNRESET'
}
Failed to proxy http://127.0.0.1:5000/api/auth/login Error: socket hang up
    at ignore-listed frames {
  code: 'ECONNRESET'
}
Error: socket hang up
    at ignore-listed frames {
  code: 'ECONNRESET'
}
